â•”â•â•â•â•â•â•â•â•â•â•â•â•â•â•â•â•â•â•â•â•â•â•â•â•â•â•â•â•â•â•â•â•â•â•â•â•â•â•â•â•â•â•â•â•â•â•â•â•â•â•â•â•â•â•â•â•â•â•â•â•â•â•â•â•â•â•â•â•â•â•â•â•â•â•â•â•â•â•â•—
â•‘                                                                              â•‘
â•‘   GUÃA RÃPIDA DE INSTALACIÃ“N                                                â•‘
â•‘   Proyecto BD - Gabinete de Abogados                                         â•‘
â•‘   PerÃ­odo 2025-3                                                             â•‘
â•‘                                                                              â•‘
â•šâ•â•â•â•â•â•â•â•â•â•â•â•â•â•â•â•â•â•â•â•â•â•â•â•â•â•â•â•â•â•â•â•â•â•â•â•â•â•â•â•â•â•â•â•â•â•â•â•â•â•â•â•â•â•â•â•â•â•â•â•â•â•â•â•â•â•â•â•â•â•â•â•â•â•â•â•â•â•â•

================================================================================
PRERREQUISITOS
================================================================================

Antes de iniciar, verifica que tengas instalado:

â–¡ Oracle Database 11g o superior
  â†’ Descarga desde: oracle.com/database
  
â–¡ Python 3.8 o superior
  â†’ Descarga desde: python.org
  â†’ En Windows: âœ“ "Add Python to PATH"
  
â–¡ Visual Studio Code o editor preferido
  â†’ Descarga desde: code.visualstudio.com
  
Verificar instalaciÃ³n:
$ python --version
$ pip --version
$ sqlplus -v

================================================================================
PASO 1: CONFIGURAR ORACLE (10-15 minutos)
================================================================================

1.1 - Crear usuario en Oracle
â•â•â•â•â•â•â•â•â•â•â•â•â•â•â•â•â•â•â•â•â•â•â•â•â•â•â•â•â•â•â•â•

Conectarse a SQL*Plus con usuario SYSTEM:
$ sqlplus system/password@orcl

O usar SQL Developer si prefieres interfaz grÃ¡fica.

Ejecutar en SQL*Plus:

SQL> CREATE USER ABOGADO IDENTIFIED BY Abc123456;
SQL> GRANT CONNECT, RESOURCE, DBA TO ABOGADO;
SQL> COMMIT;
SQL> EXIT;

1.2 - Crear tablas y datos
â•â•â•â•â•â•â•â•â•â•â•â•â•â•â•â•â•â•â•â•â•â•â•â•â•â•â•

Conectarse con usuario ABOGADO:
$ sqlplus abogado/Abc123456@orcl

En SQL*Plus, ejecutar:
SQL> @01_crear_tablas.sql;
SQL> @02_inserciones_datos.sql;
SQL> COMMIT;

Verificar que funcionÃ³:
SQL> SELECT COUNT(*) FROM CLIENTE;
     -- Debe retornar: 5

SQL> SELECT COUNT(*) FROM ABOGADO;
     -- Debe retornar: 5

SQL> EXIT;

================================================================================
PASO 2: PREPARAR CARPETAS (5 minutos)
================================================================================

Crear estructura de proyecto:

C:\Users\TuNombre\ProyectoGabinete\          â† Carpeta principal
â”œâ”€â”€ proyecto/
â”‚   â”œâ”€â”€ __init__.py
â”‚   â”œâ”€â”€ settings.py                          â† Reemplazar con 03_django_settings.py
â”‚   â”œâ”€â”€ urls.py                              â† Reemplazar con 05_django_urls.py
â”‚   â”œâ”€â”€ asgi.py
â”‚   â””â”€â”€ wsgi.py
â”‚
â”œâ”€â”€ clientes/
â”‚   â”œâ”€â”€ migrations/
â”‚   â”‚   â””â”€â”€ __init__.py
â”‚   â”œâ”€â”€ __init__.py
â”‚   â”œâ”€â”€ admin.py
â”‚   â”œâ”€â”€ apps.py
â”‚   â”œâ”€â”€ models.py
â”‚   â”œâ”€â”€ tests.py
â”‚   â””â”€â”€ views.py                             â† Reemplazar con 04_django_views.py
â”‚
â”œâ”€â”€ templates/
â”‚   â””â”€â”€ clientes/
â”‚       â””â”€â”€ registro_cliente.html            â† Copiar 06_html_template.html aquÃ­
â”‚
â”œâ”€â”€ static/
â”œâ”€â”€ manage.py
â””â”€â”€ requirements.txt

================================================================================
PASO 3: INSTALAR PYTHON PACKAGES (5-10 minutos)
================================================================================

3.1 - Crear entorno virtual
â•â•â•â•â•â•â•â•â•â•â•â•â•â•â•â•â•â•â•â•â•â•â•â•â•â•â•â•â•

En terminal (cmd en Windows):

$ cd C:\Users\TuNombre\ProyectoGabinete

Crear entorno virtual:
$ python -m venv venv

Activar entorno:

WINDOWS:
$ venv\Scripts\activate

LINUX/MAC:
$ source venv/bin/activate

Resultado esperado: (venv) al inicio de la lÃ­nea en terminal

3.2 - Instalar dependencias
â•â•â•â•â•â•â•â•â•â•â•â•â•â•â•â•â•â•â•â•â•â•â•â•â•â•â•â•â•

$ pip install --upgrade pip

$ pip install -r requirements.txt

O instalar manualmente:
$ pip install django==4.2
$ pip install cx-Oracle==8.3.0

Verificar instalaciÃ³n:
$ pip list

Debe mostrar:
  Django           4.2.0
  cx-Oracle        8.3.0

================================================================================
PASO 4: CREAR PROYECTO DJANGO (10 minutos)
================================================================================

4.1 - Crear estructura
â•â•â•â•â•â•â•â•â•â•â•â•â•â•â•â•â•â•â•â•â•â•â•

$ django-admin startproject proyecto .

$ python manage.py startapp clientes

Resultado: Se crean carpetas proyecto/ y clientes/

4.2 - Copiar archivos
â•â•â•â•â•â•â•â•â•â•â•â•â•â•â•â•â•â•â•â•â•â•â•

ARCHIVO ORIGEN                  â†’  ARCHIVO DESTINO
â”€â”€â”€â”€â”€â”€â”€â”€â”€â”€â”€â”€â”€â”€â”€â”€â”€â”€â”€â”€â”€â”€â”€â”€â”€â”€â”€â”€â”€â”€â”€â”€â”€â”€â”€â”€â”€â”€â”€â”€â”€â”€â”€â”€â”€â”€â”€â”€â”€â”€â”€â”€â”€â”€
03_django_settings.py          â†’  proyecto/settings.py
04_django_views.py             â†’  clientes/views.py
05_django_urls.py              â†’  proyecto/urls.py
06_html_template.html          â†’  templates/clientes/registro_cliente.html

4.3 - Editar settings.py
â•â•â•â•â•â•â•â•â•â•â•â•â•â•â•â•â•â•â•â•â•â•â•â•

En el archivo proyecto/settings.py cambiar:

LINEA: INSTALLED_APPS
Cambiar de:
  INSTALLED_APPS = [
      'django.contrib.admin',
      ...
  ]

A:
  INSTALLED_APPS = [
      'django.contrib.admin',
      'django.contrib.auth',
      'django.contrib.contenttypes',
      'django.contrib.sessions',
      'django.contrib.messages',
      'django.contrib.staticfiles',
      'clientes',  â† AGREGAR ESTA LÃNEA
  ]

LINEA: DATABASES
Cambiar "default" a:
  DATABASES = {
      'default': {
          'ENGINE': 'django.db.backends.oracle',
          'NAME': 'localhost:1521/orcl',
          'USER': 'abogado',              â† Cambia segÃºn tu usuario
          'PASSWORD': 'Abc123456',        â† Cambia segÃºn tu contraseÃ±a
      }
  }

LINEA: TEMPLATES DIRS
AsegÃºrate que exista:
  'DIRS': [os.path.join(BASE_DIR, 'templates')],

Guardar archivo.

================================================================================
PASO 5: CREAR CARPETAS NECESARIAS (2 minutos)
================================================================================

En el proyecto, crear carpeta para templates:

Windows (cmd):
$ mkdir templates
$ mkdir templates\clientes

Linux/Mac:
$ mkdir -p templates/clientes

Luego copiar 06_html_template.html a templates/clientes/registro_cliente.html

================================================================================
PASO 6: PROBAR CONEXIÃ“N (5 minutos)
================================================================================

6.1 - Verificar conexiÃ³n Oracle
â•â•â•â•â•â•â•â•â•â•â•â•â•â•â•â•â•â•â•â•â•â•â•â•â•â•â•â•â•â•â•â•â•

$ python manage.py shell

En el intÃ©rprete Python:
>>> import cx_Oracle
>>> dsn = cx_Oracle.makedsn('localhost', 1521, service_name='orcl')
>>> connection = cx_Oracle.connect('abogado', 'Abc123456', dsn)
>>> cursor = connection.cursor()
>>> cursor.execute("SELECT COUNT(*) FROM CLIENTE")
>>> print(cursor.fetchone())
(5,)  â† Si imprime 5, la conexiÃ³n funciona
>>> exit()

6.2 - Crear tablas de Django (opcional)
â•â•â•â•â•â•â•â•â•â•â•â•â•â•â•â•â•â•â•â•â•â•â•â•â•â•â•â•â•â•â•â•â•â•â•â•â•â•â•â•

$ python manage.py migrate

(Si sale error, no importa - no estamos usando Django ORM)

================================================================================
PASO 7: INICIAR SERVIDOR (2 minutos)
================================================================================

AsegÃºrate de estar en la carpeta del proyecto y con el entorno activo:

$ python manage.py runserver

Salida esperada:
  Watching for file changes with StatReloader
  Performing system checks...
  System check identified no issues (0 silenced).
  Quit the server with CONTROL-C.

  * Serving Flask app 'manage'
  * Running on http://127.0.0.1:8000/

âœ… El servidor estÃ¡ corriendo.

================================================================================
PASO 8: USAR LA APLICACIÃ“N (Interactivo)
================================================================================

8.1 - Acceder a la aplicaciÃ³n
â•â•â•â•â•â•â•â•â•â•â•â•â•â•â•â•â•â•â•â•â•â•â•â•â•â•â•â•â•â•

En navegador, ir a:
http://127.0.0.1:8000/

Debe cargar la interfaz web de "Registro Cliente"

8.2 - Buscar cliente existente
â•â•â•â•â•â•â•â•â•â•â•â•â•â•â•â•â•â•â•â•â•â•â•â•â•â•â•â•â•â•â•

1. En el campo "CÃ³digo Cliente" ingresa: C0001
2. Presiona el botÃ³n ðŸ”Ž Buscar
3. Se cargarÃ¡n automÃ¡ticamente los datos del cliente

Datos esperados para C0001:
  CÃ³digo: C0001
  Nombre: Juan
  Apellido: PÃ©rez GarcÃ­a
  Documento: 1234567890
  Tipo Doc: CC (CÃ©dula de CiudadanÃ­a)

8.3 - Guardar nuevo cliente
â•â•â•â•â•â•â•â•â•â•â•â•â•â•â•â•â•â•â•â•â•â•â•â•â•â•â•â•â•

1. Limpia el formulario (botÃ³n ðŸ”„ Limpiar)
2. Completa los campos:
   CÃ³digo: C0010
   Nombre: Pedro
   Apellido: GonzÃ¡lez LÃ³pez
   Documento: 5678901234
   Tipo Doc: CC

3. Presiona ðŸ’¾ Guardar

Debe aparecer mensaje: "Cliente C0010 registrado correctamente"

8.4 - Verificar en BD
â•â•â•â•â•â•â•â•â•â•â•â•â•â•â•â•â•â•â•â•

En SQL*Plus o SQL Developer:

SQL> SELECT * FROM CLIENTE WHERE codCliente = 'C0010';

Debe mostrar el cliente que acabas de crear.

================================================================================
PASO 9: DETENER SERVIDOR (1 minuto)
================================================================================

En la terminal donde corre el servidor:
Presionar: CTRL + C

Responder: y (si pregunta)

Salida esperada:
  Keyboard interrupt received, exiting.

================================================================================
âœ… VERIFICACIÃ“N FINAL
================================================================================

Para confirmar que todo funciona:

â–¡ 1. Servidor Django corriendo en http://127.0.0.1:8000/
â–¡ 2. Interfaz web visible y responsiva
â–¡ 3. BÃºsqueda funciona con cliente C0001
â–¡ 4. Puede guardar nuevo cliente
â–¡ 5. Datos aparecen en BD Oracle
â–¡ 6. Sin errores en terminal

Si todos los checks pasan: âœ… Â¡LISTO PARA SUSTENTACIÃ“N!

================================================================================
ðŸ†˜ PROBLEMAS COMUNES Y SOLUCIONES
================================================================================

PROBLEMA: "Connection refused"
SOLUCIÃ“N: 
  1. Verificar Oracle corriendo: lsnrctl status
  2. Iniciar Oracle: net start OracleServiceORCL (Windows)
  3. O: sqlplus -v (debe retornar versiÃ³n)

PROBLEMA: "ORA-28001: the password has expired"
SOLUCIÃ“N:
  En SQL*Plus:
  SQL> ALTER USER abogado IDENTIFIED BY NuevaPassword;
  SQL> COMMIT;
  Luego actualizar contraseÃ±a en settings.py

PROBLEMA: "Template not found"
SOLUCIÃ“N:
  1. Verificar carpeta: templates/clientes/
  2. Nombre archivo: registro_cliente.html
  3. No diferencia mayÃºsculas en Linux

PROBLEMA: "Module 'django' has no attribute 'setup'"
SOLUCIÃ“N:
  En Python shell dentro de Django:
  Usar: python manage.py shell

PROBLEMA: "Port 8000 already in use"
SOLUCIÃ“N:
  $ python manage.py runserver 8001
  (Usar otro puerto como 8001, 8002, etc)

PROBLEMA: "No module named 'cx_Oracle'"
SOLUCIÃ“N:
  $ pip install cx-Oracle
  Verificar: pip list | grep cx-Oracle

================================================================================
ðŸ“ž SOPORTE Y REFERENCIAS
================================================================================

DocumentaciÃ³n oficial:
- Django: https://docs.djangoproject.com/
- cx_Oracle: https://cx-oracle.readthedocs.io/
- Oracle: https://docs.oracle.com/

Archivos de referencia incluidos:
- 07_guia_implementacion.txt: GuÃ­a detallada
- 08_consultas_sql.sql: Ejemplos SQL
- README.md: Manual del usuario

Profesor: Sonia OrdoÃ±ez Salinas
Universidad: Universidad Distrital Francisco JosÃ© de Caldas

================================================================================
ðŸŽ‰ Â¡LISTO PARA EMPEZAR!
================================================================================

Tiempo total estimado: 45 minutos

Si seguiste todos los pasos, tu aplicaciÃ³n debe estar:
âœ… Conectada a Oracle
âœ… Mostrando interfaz web
âœ… Buscando clientes desde BD
âœ… Guardando nuevos clientes
âœ… Lista para sustentaciÃ³n

Â¿Tienes dudas? Consulta la guÃ­a de implementaciÃ³n (07_guia_implementacion.txt)

Â¡Ã‰xito! ðŸš€
================================================================================
